============================= test session starts =============================
platform win32 -- Python 3.14.6, pytest-9.1.1, pluggy-1.6.0 -- C:\Users\iamln\project\gemini xprize\bizos\.venv\Scripts\python.exe
cachedir: .pytest_cache
hypothesis profile 'default'
benchmark: 5.2.3 (defaults: timer=time.perf_counter disable_gc=False min_rounds=5 min_time=0.000005 max_time=1.0 calibration_precision=10 warmup=False warmup_iterations=100000)
rootdir: C:\Users\iamln\project\gemini xprize\bizos
configfile: pyproject.toml
plugins: anyio-4.14.0, hypothesis-6.155.7, asyncio-1.4.0, benchmark-5.2.3, cov-7.1.0, mock-3.15.1, xdist-3.8.0, syrupy-5.3.4
asyncio: mode=Mode.AUTO, debug=False, asyncio_default_fixture_loop_scope=None, asyncio_default_test_loop_scope=function
collecting ... collected 3 items

tests/integration/test_wave5_cognition.py::test_cognition_capability_resolution FAILED [ 33%]
tests/integration/test_wave5_cognition.py::test_cognitive_pipeline_execution_success FAILED [ 66%]
tests/integration/test_wave5_cognition.py::test_cognitive_pipeline_max_iterations PASSED [100%]

================================== FAILURES ===================================
____________________ test_cognition_capability_resolution _____________________
tests\integration\test_wave5_cognition.py:36: in test_cognition_capability_resolution
    assert agent_provider.get_metadata().provider_name == "MockAgent"
E   AssertionError: assert 'DefaultAgent' == 'MockAgent'
E     
E     - MockAgent
E     + DefaultAgent
__________________ test_cognitive_pipeline_execution_success __________________
tests\integration\test_wave5_cognition.py:67: in test_cognitive_pipeline_execution_success
    assert result_state.status == AgentStatus.COMPLETED
E   AssertionError: assert <AgentStatus.FAILED: 'FAILED'> == <AgentStatus....: 'COMPLETED'>
E     
E     - COMPLETED
E     + FAILED
---------------------------- Captured stdout call -----------------------------
2026-07-16 21:57:27 [debug    ] Handler subscribed to AsyncioEventBus event_type=CognitiveCycleStarted handler=capture_event
2026-07-16 21:57:27 [debug    ] Handler subscribed to AsyncioEventBus event_type=CognitiveCycleCompleted handler=capture_event
2026-07-16 21:57:27 [debug    ] Handler subscribed to AsyncioEventBus event_type=ReflectionGenerated handler=capture_event
2026-07-16 21:57:27 [debug    ] Handler subscribed to AsyncioEventBus event_type=LearningRequested handler=capture_event
2026-07-16 21:57:27 [info     ] Publishing event to AsyncioEventBus correlation_id=20f3c967-0280-42f0-b44e-35050acbcd8e event_id=88f0e169-6f71-479a-962f-a6599bd119c7 event_type=CognitiveCycleStarted
2026-07-16 21:57:27 [info     ] Publishing event to AsyncioEventBus correlation_id=20f3c967-0280-42f0-b44e-35050acbcd8e event_id=e23e43c8-3ca5-4896-980c-f5fc63be5d6c event_type=ReflectionGenerated
2026-07-16 21:57:27 [info     ] Publishing event to AsyncioEventBus correlation_id=20f3c967-0280-42f0-b44e-35050acbcd8e event_id=88e0dc81-107f-49b1-8552-32f1c8fb7576 event_type=LearningRequested
2026-07-16 21:57:27 [info     ] Publishing event to AsyncioEventBus correlation_id=20f3c967-0280-42f0-b44e-35050acbcd8e event_id=076448ec-25c4-4e0b-8949-9fd9352edd59 event_type=CognitiveCycleStarted
2026-07-16 21:57:27 [info     ] Publishing event to AsyncioEventBus correlation_id=20f3c967-0280-42f0-b44e-35050acbcd8e event_id=90992f7c-66f7-4b61-a69b-9957a49c5909 event_type=ReflectionGenerated
2026-07-16 21:57:27 [info     ] Publishing event to AsyncioEventBus correlation_id=20f3c967-0280-42f0-b44e-35050acbcd8e event_id=a4117480-4282-466d-befd-5b0f361f3f64 event_type=LearningRequested
2026-07-16 21:57:27 [info     ] Publishing event to AsyncioEventBus correlation_id=20f3c967-0280-42f0-b44e-35050acbcd8e event_id=203b7721-22cb-4452-aa29-d431ab50edd0 event_type=CognitiveCycleStarted
2026-07-16 21:57:27 [info     ] Publishing event to AsyncioEventBus correlation_id=20f3c967-0280-42f0-b44e-35050acbcd8e event_id=0dcc8cf2-e65e-4ec8-b09a-6f804f74b4da event_type=ReflectionGenerated
2026-07-16 21:57:27 [info     ] Publishing event to AsyncioEventBus correlation_id=20f3c967-0280-42f0-b44e-35050acbcd8e event_id=0c40b3cd-b1f1-40c3-a056-3e83375bda88 event_type=LearningRequested
2026-07-16 21:57:27 [info     ] Publishing event to AsyncioEventBus correlation_id=20f3c967-0280-42f0-b44e-35050acbcd8e event_id=c589ea7a-9a2f-4a56-96c8-0a72d0bc7537 event_type=CognitiveCycleStarted
2026-07-16 21:57:27 [info     ] Publishing event to AsyncioEventBus correlation_id=20f3c967-0280-42f0-b44e-35050acbcd8e event_id=83028666-363b-4e85-8c12-de6b3197f7c5 event_type=ReflectionGenerated
2026-07-16 21:57:27 [info     ] Publishing event to AsyncioEventBus correlation_id=20f3c967-0280-42f0-b44e-35050acbcd8e event_id=ab848aff-d769-43fe-b391-653d79f492da event_type=LearningRequested
2026-07-16 21:57:27 [info     ] Publishing event to AsyncioEventBus correlation_id=20f3c967-0280-42f0-b44e-35050acbcd8e event_id=00a88ff7-af40-46fd-98c2-cf8a31929b19 event_type=CognitiveCycleStarted
2026-07-16 21:57:27 [info     ] Publishing event to AsyncioEventBus correlation_id=20f3c967-0280-42f0-b44e-35050acbcd8e event_id=08b30f70-a085-4b0b-bd8d-b1dcae7d0205 event_type=ReflectionGenerated
2026-07-16 21:57:27 [info     ] Publishing event to AsyncioEventBus correlation_id=20f3c967-0280-42f0-b44e-35050acbcd8e event_id=30c9cd3e-f6c3-431c-881c-9763eb6080e6 event_type=LearningRequested
2026-07-16 21:57:27 [info     ] Publishing event to AsyncioEventBus correlation_id=20f3c967-0280-42f0-b44e-35050acbcd8e event_id=cfaf68db-f60d-4ef4-ba85-ca4d7e4e635d event_type=CognitiveCycleCompleted
============================== warnings summary ===============================
app\domain\intelligence\context.py:5
  C:\Users\iamln\project\gemini xprize\bizos\app\domain\intelligence\context.py:5: PydanticDeprecatedSince20: Support for class-based `config` is deprecated, use ConfigDict instead. Deprecated in Pydantic V2.0 to be removed in V3.0. See Pydantic V2 Migration Guide at https://errors.pydantic.dev/2.13/migration/
    class IntelligenceContext(BaseModel):

app\domain\intelligence\telemetry.py:3
  C:\Users\iamln\project\gemini xprize\bizos\app\domain\intelligence\telemetry.py:3: PydanticDeprecatedSince20: Support for class-based `config` is deprecated, use ConfigDict instead. Deprecated in Pydantic V2.0 to be removed in V3.0. See Pydantic V2 Migration Guide at https://errors.pydantic.dev/2.13/migration/
    class IntelligenceMetrics(BaseModel):

app\domain\intelligence\pipeline.py:13
  C:\Users\iamln\project\gemini xprize\bizos\app\domain\intelligence\pipeline.py:13: PydanticDeprecatedSince20: Support for class-based `config` is deprecated, use ConfigDict instead. Deprecated in Pydantic V2.0 to be removed in V3.0. See Pydantic V2 Migration Guide at https://errors.pydantic.dev/2.13/migration/
    class PipelineContext(BaseModel, Generic[T_Input]):

app\domain\intelligence\pipeline.py:22
  C:\Users\iamln\project\gemini xprize\bizos\app\domain\intelligence\pipeline.py:22: PydanticDeprecatedSince20: Support for class-based `config` is deprecated, use ConfigDict instead. Deprecated in Pydantic V2.0 to be removed in V3.0. See Pydantic V2 Migration Guide at https://errors.pydantic.dev/2.13/migration/
    class PipelineResult(BaseModel, Generic[T_Output]):

app\domain\intelligence\capability.py:16
  C:\Users\iamln\project\gemini xprize\bizos\app\domain\intelligence\capability.py:16: PydanticDeprecatedSince20: Support for class-based `config` is deprecated, use ConfigDict instead. Deprecated in Pydantic V2.0 to be removed in V3.0. See Pydantic V2 Migration Guide at https://errors.pydantic.dev/2.13/migration/
    class CapabilityMetadata(BaseModel):

app\domain\twin\models.py:15
  C:\Users\iamln\project\gemini xprize\bizos\app\domain\twin\models.py:15: PydanticDeprecatedSince20: Support for class-based `config` is deprecated, use ConfigDict instead. Deprecated in Pydantic V2.0 to be removed in V3.0. See Pydantic V2 Migration Guide at https://errors.pydantic.dev/2.13/migration/
    class TwinSnapshot(BaseModel):

app\domain\planning\models.py:42
  C:\Users\iamln\project\gemini xprize\bizos\app\domain\planning\models.py:42: PydanticDeprecatedSince20: Support for class-based `config` is deprecated, use ConfigDict instead. Deprecated in Pydantic V2.0 to be removed in V3.0. See Pydantic V2 Migration Guide at https://errors.pydantic.dev/2.13/migration/
    class PlanStep(BaseModel):

app\domain\cognition\models.py:33
  C:\Users\iamln\project\gemini xprize\bizos\app\domain\cognition\models.py:33: PydanticDeprecatedSince20: Support for class-based `config` is deprecated, use ConfigDict instead. Deprecated in Pydantic V2.0 to be removed in V3.0. See Pydantic V2 Migration Guide at https://errors.pydantic.dev/2.13/migration/
    class AgentState(IntelligenceContext):

tests/integration/test_wave5_cognition.py::test_cognition_capability_resolution
  C:\Users\iamln\project\gemini xprize\bizos\.venv\Lib\site-packages\google\genai\types.py:42: DeprecationWarning: '_UnionGenericAlias' is deprecated and slated for removal in Python 3.17
    VersionedUnionType = Union[builtin_types.UnionType, _UnionGenericAlias]

tests/integration/test_wave5_cognition.py::test_cognition_capability_resolution
  C:\Users\iamln\project\gemini xprize\bizos\app\domain\memory\models.py:73: PydanticDeprecatedSince20: Support for class-based `config` is deprecated, use ConfigDict instead. Deprecated in Pydantic V2.0 to be removed in V3.0. See Pydantic V2 Migration Guide at https://errors.pydantic.dev/2.13/migration/
    class MemorySnapshot(BaseModel):

tests/integration/test_wave5_cognition.py::test_cognition_capability_resolution
  C:\Users\iamln\project\gemini xprize\bizos\app\domain\memory\models.py:85: PydanticDeprecatedSince20: Support for class-based `config` is deprecated, use ConfigDict instead. Deprecated in Pydantic V2.0 to be removed in V3.0. See Pydantic V2 Migration Guide at https://errors.pydantic.dev/2.13/migration/
    class MemoryQuery(BaseModel):

tests/integration/test_wave5_cognition.py::test_cognition_capability_resolution
  C:\Users\iamln\project\gemini xprize\bizos\app\domain\retrieval\models.py:17: PydanticDeprecatedSince20: Support for class-based `config` is deprecated, use ConfigDict instead. Deprecated in Pydantic V2.0 to be removed in V3.0. See Pydantic V2 Migration Guide at https://errors.pydantic.dev/2.13/migration/
    class RetrievalQuery(BaseModel):

tests/integration/test_wave5_cognition.py::test_cognition_capability_resolution
  C:\Users\iamln\project\gemini xprize\bizos\app\domain\retrieval\models.py:26: PydanticDeprecatedSince20: Support for class-based `config` is deprecated, use ConfigDict instead. Deprecated in Pydantic V2.0 to be removed in V3.0. See Pydantic V2 Migration Guide at https://errors.pydantic.dev/2.13/migration/
    class RetrievalContext(IntelligenceContext):

tests/integration/test_wave5_cognition.py::test_cognition_capability_resolution
  C:\Users\iamln\project\gemini xprize\bizos\app\domain\retrieval\models.py:55: PydanticDeprecatedSince20: Support for class-based `config` is deprecated, use ConfigDict instead. Deprecated in Pydantic V2.0 to be removed in V3.0. See Pydantic V2 Migration Guide at https://errors.pydantic.dev/2.13/migration/
    class RetrievalMetrics(BaseModel):

-- Docs: https://docs.pytest.org/en/stable/how-to/capture-warnings.html
=========================== short test summary info ===========================
FAILED tests/integration/test_wave5_cognition.py::test_cognition_capability_resolution
FAILED tests/integration/test_wave5_cognition.py::test_cognitive_pipeline_execution_success
================== 2 failed, 1 passed, 14 warnings in 9.30s ===================
